{
  "configParams": [
    {
      "displayName": "Website/Measurable",
      "isDynamic": true,
      "name": "idsite",
      "options": [
      ],
      "type": "SELECT_SINGLE"
    },
    {
      "displayName": "Report",
      "name": "report",
      "options": [
      ],
      "type": "SELECT_SINGLE"
    },
    {
      "displayName": "Segment",
      "name": "segment",
      "options": [
      ],
      "parameterControl": {
        "allowOverride": true
      },
      "type": "SELECT_SINGLE"
    },
    {
      "displayName": "Default Row Limit",
      "helpText": "TODO",
      "name": "filter_limit",
      "options": [
      ],
      "parameterControl": {
        "allowOverride": true
      },
      "type": "TEXTINPUT"
    },
    {
      "displayName": "Flatten",
      "helpText": "TODO",
      "name": "flat",
      "options": [
      ],
      "parameterControl": {
        "allowOverride": false
      },
      "type": "CHECKBOX"
    }
  ],
  "dateRangeRequired": true,
  "isSteppedConfig": false
}