{
  "filtersApplied": false,
  "rows": [
    {
      "values": [
        "Diving Jobs, latest Divemaster and Scuba Dive Instructor Job offers!",
        "146",
        "101",
        "0.69",
        ""
      ]
    },
    {
      "values": [
        "Cart - Divezone Store",
        "34",
        "8",
        "0.24",
        ""
      ]
    },
    {
      "values": [
        "Checkout - Divezone Store",
        "37",
        "29",
        "0.78",
        ""
      ]
    },
    {
      "values": [
        "My Account - Divezone Store",
        "48",
        "16",
        "0.33",
        ""
      ]
    },
    {
      "values": [
        "Best Diving sites in Bali â€“ Indonesia Scuba dive reviews by Divezone",
        "66",
        "61",
        "0.92",
        ""
      ]
    }
  ],
  "schema": [
    {
      "dataType": "STRING",
      "label": "Entry Page title",
      "name": "label",
      "semantics": {
        "conceptType": "DIMENSION",
        "semanticType": "TEXT"
      }
    },
    {
      "dataType": "NUMBER",
      "label": "Entrances",
      "name": "entry_nb_visits",
      "semantics": {
        "conceptType": "METRIC",
        "isReaggregatable": false,
        "semanticType": "NUMBER"
      }
    },
    {
      "dataType": "NUMBER",
      "label": "Bounces",
      "name": "entry_bounce_count",
      "semantics": {
        "conceptType": "METRIC",
        "isReaggregatable": false,
        "semanticType": "NUMBER"
      }
    },
    {
      "dataType": "NUMBER",
      "label": "Bounce Rate",
      "name": "bounce_rate",
      "semantics": {
        "conceptType": "METRIC",
        "isReaggregatable": false,
        "semanticType": "PERCENT"
      }
    },
    {
      "dataType": "STRING",
      "label": "Avg. generation time",
      "name": "avg_time_generation",
      "semantics": {
        "conceptType": "METRIC",
        "isReaggregatable": false,
        "semanticType": "DURATION"
      }
    }
  ]
}