{
  "filtersApplied": false,
  "rows": [
    {
      "values": [
        "kei molucca",
        1,
        0
      ]
    },
    {
      "values": [
        "moluka",
        1,
        1
      ]
    },
    {
      "values": [
        "pantai bira",
        1,
        0
      ]
    }
  ],
  "schema": [
    {
      "dataType": "STRING",
      "label": "Keyword with No Search Result",
      "name": "label",
      "semantics": {
        "conceptType": "DIMENSION",
        "semanticType": "TEXT"
      }
    },
    {
      "dataType": "NUMBER",
      "label": "Searches",
      "name": "nb_visits",
      "semantics": {
        "conceptType": "METRIC",
        "isReaggregatable": false,
        "semanticType": "NUMBER"
      }
    },
    {
      "dataType": "NUMBER",
      "label": "% Search Exits",
      "name": "exit_rate",
      "semantics": {
        "conceptType": "METRIC",
        "isReaggregatable": false,
        "semanticType": "PERCENT"
      }
    }
  ]
}