{
  "filtersApplied": false,
  "rows": [
    {
      "values": [
        "Others",
        "435",
        "435",
        "622",
        "1.4",
        "84",
        "0.76"
      ]
    },
    {
      "values": [
        "Unknown",
        "395",
        "375",
        "598",
        "1.5",
        "104",
        "0.74"
      ]
    },
    {
      "values": [
        "Sydney, New South Wales, Australia",
        "39",
        "39",
        "57",
        "1.5",
        "65",
        "0.82"
      ]
    },
    {
      "values": [
        "London, England, United Kingdom",
        "34",
        "32",
        "41",
        "1.2",
        "79",
        "0.82"
      ]
    },
    {
      "values": [
        "Thornhill, Ontario, Canada",
        "33",
        "33",
        "39",
        "1.2",
        "0",
        "0.82"
      ]
    }
  ],
  "schema": [
    {
      "dataType": "STRING",
      "label": "City",
      "name": "label",
      "semantics": {
        "conceptType": "DIMENSION",
        "semanticType": "TEXT"
      }
    },
    {
      "dataType": "NUMBER",
      "label": "Visits",
      "name": "nb_visits",
      "semantics": {
        "conceptType": "METRIC",
        "isReaggregatable": false,
        "semanticType": "NUMBER"
      }
    },
    {
      "dataType": "NUMBER",
      "label": "Unique visitors",
      "name": "nb_uniq_visitors",
      "semantics": {
        "conceptType": "METRIC",
        "isReaggregatable": false,
        "semanticType": "NUMBER"
      }
    },
    {
      "dataType": "NUMBER",
      "label": "Actions",
      "name": "nb_actions",
      "semantics": {
        "conceptType": "METRIC",
        "isReaggregatable": false,
        "semanticType": "NUMBER"
      }
    },
    {
      "dataType": "NUMBER",
      "label": "Actions per Visit",
      "name": "nb_actions_per_visit",
      "semantics": {
        "conceptType": "METRIC",
        "isReaggregatable": false,
        "semanticType": "NUMBER"
      }
    },
    {
      "dataType": "STRING",
      "label": "Avg. Time on Website",
      "name": "avg_time_on_site",
      "semantics": {
        "conceptType": "METRIC",
        "isReaggregatable": false,
        "semanticType": "DURATION"
      }
    },
    {
      "dataType": "NUMBER",
      "label": "Bounce Rate",
      "name": "bounce_rate",
      "semantics": {
        "conceptType": "METRIC",
        "isReaggregatable": false,
        "semanticType": "PERCENT"
      }
    }
  ]
}