{
  "filtersApplied": false,
  "rows": [
    {
      "values": {
        "conversion_rate": 0.0336,
        "nb_conversions": 100,
        "nb_visits_converted": 100,
        "revenue": 100
      }
    }
  ],
  "schema": [
    {
      "dataType": "NUMBER",
      "label": "Conversions",
      "name": "nb_conversions",
      "semantics": {
        "conceptType": "METRIC",
        "isReaggregatable": false,
        "semanticType": "NUMBER"
      }
    },
    {
      "dataType": "NUMBER",
      "label": "Visits with Conversions",
      "name": "nb_visits_converted",
      "semantics": {
        "conceptType": "METRIC",
        "isReaggregatable": false,
        "semanticType": "NUMBER"
      }
    },
    {
      "dataType": "NUMBER",
      "label": "Revenue",
      "name": "revenue",
      "semantics": {
        "conceptType": "METRIC",
        "isReaggregatable": false,
        "semanticType": "CURRENCY_USD"
      }
    },
    {
      "dataType": "NUMBER",
      "label": "Conversion Rate",
      "name": "conversion_rate",
      "semantics": {
        "conceptType": "METRIC",
        "isReaggregatable": false,
        "semanticType": "PERCENT"
      }
    }
  ]
}