{
  "filtersApplied": false,
  "rows": [
    {
      "values": [
        "reddit - Others",
        110,
        110,
        234,
        0,
        0.0818,
        2.1,
        281,
        0.48
      ]
    },
    {
      "values": [
        "Twitter - https://twitter.com/Divezone",
        49,
        50,
        97,
        0,
        0.1,
        1.9,
        255,
        0.58
      ]
    },
    {
      "values": [
        "Facebook - https://www.facebook.com/Divezone.net",
        47,
        47,
        73,
        0,
        0.0851,
        1.6,
        117,
        0.68
      ]
    },
    {
      "values": [
        "Instagram - https://www.instagram.com/Divezone.net/",
        47,
        47,
        96,
        0,
        0.0638,
        2,
        225,
        0.53
      ]
    },
    {
      "values": [
        "Pinterest - https://www.pinterest.com/Divezone.net",
        40,
        40,
        79,
        0,
        0.025,
        2,
        148,
        0.55
      ]
    }
  ],
  "schema": [
    {
      "dataType": "STRING",
      "label": "Social network",
      "name": "label",
      "semantics": {
        "conceptType": "DIMENSION",
        "semanticType": "TEXT"
      }
    },
    {
      "dataType": "NUMBER",
      "label": "Visits",
      "name": "nb_visits",
      "semantics": {
        "conceptType": "METRIC",
        "isReaggregatable": false,
        "semanticType": "NUMBER"
      }
    },
    {
      "dataType": "NUMBER",
      "label": "Unique visitors",
      "name": "nb_uniq_visitors",
      "semantics": {
        "conceptType": "METRIC",
        "isReaggregatable": false,
        "semanticType": "NUMBER"
      }
    },
    {
      "dataType": "NUMBER",
      "label": "Actions",
      "name": "nb_actions",
      "semantics": {
        "conceptType": "METRIC",
        "isReaggregatable": false,
        "semanticType": "NUMBER"
      }
    },
    {
      "dataType": "NUMBER",
      "label": "Users",
      "name": "nb_users",
      "semantics": {
        "conceptType": "METRIC",
        "isReaggregatable": false,
        "semanticType": "NUMBER"
      }
    },
    {
      "dataType": "NUMBER",
      "label": "Actions per Visit",
      "name": "nb_actions_per_visit",
      "semantics": {
        "conceptType": "METRIC",
        "isReaggregatable": false,
        "semanticType": "NUMBER"
      }
    },
    {
      "dataType": "STRING",
      "label": "Avg. Time on Website",
      "name": "avg_time_on_site",
      "semantics": {
        "conceptType": "METRIC",
        "isReaggregatable": false,
        "semanticType": "DURATION"
      }
    },
    {
      "dataType": "NUMBER",
      "label": "Bounce Rate",
      "name": "bounce_rate",
      "semantics": {
        "conceptType": "METRIC",
        "isReaggregatable": false,
        "semanticType": "PERCENT"
      }
    },
    {
      "dataType": "NUMBER",
      "label": "Conversion Rate",
      "name": "conversion_rate",
      "semantics": {
        "conceptType": "METRIC",
        "isReaggregatable": false,
        "semanticType": "PERCENT"
      }
    }
  ]
}