{
  "filtersApplied": false,
  "rows": [
    {
      "values": [
        "1920x1080",
        331,
        350,
        611,
        0,
        0.0371,
        1.7,
        185,
        0.64
      ]
    },
    {
      "values": [
        "1366x768",
        186,
        191,
        260,
        1,
        0.0471,
        1.4,
        54,
        0.78
      ]
    },
    {
      "values": [
        "375x667",
        184,
        187,
        227,
        0,
        0.0428,
        1.2,
        34,
        0.84
      ]
    },
    {
      "values": [
        "360x640",
        171,
        175,
        238,
        0,
        0.0514,
        1.4,
        52,
        0.82
      ]
    },
    {
      "values": [
        "1440x900",
        157,
        167,
        242,
        0,
        0.024,
        1.4,
        145,
        0.75
      ]
    }
  ],
  "schema": [
    {
      "dataType": "STRING",
      "label": "Resolution",
      "name": "label",
      "semantics": {
        "conceptType": "DIMENSION",
        "semanticType": "TEXT"
      }
    },
    {
      "dataType": "NUMBER",
      "label": "Visits",
      "name": "nb_visits",
      "semantics": {
        "conceptType": "METRIC",
        "isReaggregatable": false,
        "semanticType": "NUMBER"
      }
    },
    {
      "dataType": "NUMBER",
      "label": "Unique visitors",
      "name": "nb_uniq_visitors",
      "semantics": {
        "conceptType": "METRIC",
        "isReaggregatable": false,
        "semanticType": "NUMBER"
      }
    },
    {
      "dataType": "NUMBER",
      "label": "Actions",
      "name": "nb_actions",
      "semantics": {
        "conceptType": "METRIC",
        "isReaggregatable": false,
        "semanticType": "NUMBER"
      }
    },
    {
      "dataType": "NUMBER",
      "label": "Users",
      "name": "nb_users",
      "semantics": {
        "conceptType": "METRIC",
        "isReaggregatable": false,
        "semanticType": "NUMBER"
      }
    },
    {
      "dataType": "NUMBER",
      "label": "Actions per Visit",
      "name": "nb_actions_per_visit",
      "semantics": {
        "conceptType": "METRIC",
        "isReaggregatable": false,
        "semanticType": "NUMBER"
      }
    },
    {
      "dataType": "STRING",
      "label": "Avg. Time on Website",
      "name": "avg_time_on_site",
      "semantics": {
        "conceptType": "METRIC",
        "isReaggregatable": false,
        "semanticType": "DURATION"
      }
    },
    {
      "dataType": "NUMBER",
      "label": "Bounce Rate",
      "name": "bounce_rate",
      "semantics": {
        "conceptType": "METRIC",
        "isReaggregatable": false,
        "semanticType": "PERCENT"
      }
    },
    {
      "dataType": "NUMBER",
      "label": "Conversion Rate",
      "name": "conversion_rate",
      "semantics": {
        "conceptType": "METRIC",
        "isReaggregatable": false,
        "semanticType": "PERCENT"
      }
    }
  ]
}