{
  "filtersApplied": false,
  "rows": [
    {
      "values": {
        "label": "1 visit",
        "nb_visits": "2809",
        "nb_visits_percentage": 0.94
      }
    },
    {
      "values": {
        "label": "2 visits",
        "nb_visits": "150",
        "nb_visits_percentage": 0.05
      }
    },
    {
      "values": {
        "label": "3 visits",
        "nb_visits": "17",
        "nb_visits_percentage": 0.01
      }
    },
    {
      "values": {
        "label": "4 visits",
        "nb_visits": "2",
        "nb_visits_percentage": 0
      }
    },
    {
      "values": {
        "label": "5 visits",
        "nb_visits": "1",
        "nb_visits_percentage": 0
      }
    }
  ],
  "schema": [
    {
      "dataType": "STRING",
      "label": "Visits by visit number",
      "name": "label",
      "semantics": {
        "conceptType": "DIMENSION",
        "semanticType": "TEXT"
      }
    },
    {
      "dataType": "NUMBER",
      "label": "Visits",
      "name": "nb_visits",
      "semantics": {
        "conceptType": "METRIC",
        "isReaggregatable": false,
        "semanticType": "NUMBER"
      }
    },
    {
      "dataType": "NUMBER",
      "label": "% Visits",
      "name": "nb_visits_percentage",
      "semantics": {
        "conceptType": "METRIC",
        "isReaggregatable": false,
        "semanticType": "PERCENT"
      }
    }
  ]
}