{
  "filtersApplied": false,
  "rows": [
    {
      "values": [
        "divezone.net/wp-content/plugins/wpjobboard/environment/resumes/file_3439.pdf",
        1,
        1
      ]
    },
    {
      "values": [
        "divezone.net/wp-content/uploads/2017/07/sea-tiger-scuba-wreck-hawaii.jpg",
        1,
        1
      ]
    }
  ],
  "schema": [
    {
      "dataType": "STRING",
      "label": "Download URL",
      "name": "label",
      "semantics": {
        "conceptType": "DIMENSION",
        "semanticType": "TEXT"
      }
    },
    {
      "dataType": "NUMBER",
      "label": "Unique Downloads",
      "name": "nb_visits",
      "semantics": {
        "conceptType": "METRIC",
        "isReaggregatable": false,
        "semanticType": "NUMBER"
      }
    },
    {
      "dataType": "NUMBER",
      "label": "Downloads",
      "name": "nb_hits",
      "semantics": {
        "conceptType": "METRIC",
        "isReaggregatable": false,
        "semanticType": "NUMBER"
      }
    }
  ]
}