{
  "filtersApplied": false,
  "rows": [
    {
      "values": {
        "avg_time_on_site": 203,
        "bounce_rate": 0.05,
        "label": "diveadvisor.com/ - Others",
        "nb_actions": 119,
        "nb_actions_per_visit": 5.4,
        "nb_visits": 22,
        "revenue": 0
      }
    },
    {
      "values": {
        "avg_time_on_site": 233,
        "bounce_rate": 0,
        "label": "diveadvisor.com/index",
        "nb_actions": 101,
        "nb_actions_per_visit": 5.3,
        "nb_visits": 19,
        "revenue": 0
      }
    },
    {
      "values": {
        "avg_time_on_site": 113,
        "bounce_rate": 0.06,
        "label": "scubadiverlife.com/index",
        "nb_actions": 77,
        "nb_actions_per_visit": 4.3,
        "nb_visits": 18,
        "revenue": 0
      }
    },
    {
      "values": {
        "avg_time_on_site": 158,
        "bounce_rate": 0.23,
        "label": "www.scubadiving.com/ - Others",
        "nb_actions": 52,
        "nb_actions_per_visit": 4,
        "nb_visits": 13,
        "revenue": 0
      }
    },
    {
      "values": {
        "avg_time_on_site": 207,
        "bounce_rate": 0,
        "label": "www.scubadiving.com/index",
        "nb_actions": 42,
        "nb_actions_per_visit": 6,
        "nb_visits": 7,
        "revenue": 0
      }
    }
  ],
  "schema": [
    {
      "dataType": "STRING",
      "label": "Website",
      "name": "label",
      "semantics": {
        "conceptType": "DIMENSION",
        "semanticType": "TEXT"
      }
    },
    {
      "dataType": "NUMBER",
      "label": "Visits",
      "name": "nb_visits",
      "semantics": {
        "conceptType": "METRIC",
        "isReaggregatable": false,
        "semanticType": "NUMBER"
      }
    },
    {
      "dataType": "NUMBER",
      "label": "Actions",
      "name": "nb_actions",
      "semantics": {
        "conceptType": "METRIC",
        "isReaggregatable": false,
        "semanticType": "NUMBER"
      }
    },
    {
      "dataType": "NUMBER",
      "label": "Actions per Visit",
      "name": "nb_actions_per_visit",
      "semantics": {
        "conceptType": "METRIC",
        "isReaggregatable": false,
        "semanticType": "NUMBER"
      }
    },
    {
      "dataType": "STRING",
      "label": "Avg. Time on Website",
      "name": "avg_time_on_site",
      "semantics": {
        "conceptType": "METRIC",
        "isReaggregatable": false,
        "semanticType": "DURATION"
      }
    },
    {
      "dataType": "NUMBER",
      "label": "Bounce Rate",
      "name": "bounce_rate",
      "semantics": {
        "conceptType": "METRIC",
        "isReaggregatable": false,
        "semanticType": "PERCENT"
      }
    }
  ]
}