{
  "filtersApplied": false,
  "rows": [
    {
      "values": [
        "Starting Out",
        7500,
        15,
        13,
        0,
        538.46,
        1.2,
        0
      ]
    },
    {
      "values": [
        "Accessories",
        2463.85,
        36,
        31,
        0,
        79.48,
        1.2,
        0
      ]
    }
  ],
  "schema": [
    {
      "dataType": "STRING",
      "label": "Product Category",
      "name": "label",
      "semantics": {
        "conceptType": "DIMENSION",
        "semanticType": "TEXT"
      }
    },
    {
      "dataType": "NUMBER",
      "label": "Product Revenue",
      "name": "revenue",
      "semantics": {
        "conceptType": "METRIC",
        "isReaggregatable": false,
        "semanticType": "CURRENCY_USD"
      }
    },
    {
      "dataType": "NUMBER",
      "label": "Quantity",
      "name": "quantity",
      "semantics": {
        "conceptType": "METRIC",
        "isReaggregatable": false,
        "semanticType": "NUMBER"
      }
    },
    {
      "dataType": "NUMBER",
      "label": "Unique Purchases",
      "name": "orders",
      "semantics": {
        "conceptType": "METRIC",
        "isReaggregatable": false,
        "semanticType": "NUMBER"
      }
    },
    {
      "dataType": "NUMBER",
      "label": "Visits",
      "name": "nb_visits",
      "semantics": {
        "conceptType": "METRIC",
        "isReaggregatable": false,
        "semanticType": "NUMBER"
      }
    },
    {
      "dataType": "NUMBER",
      "label": "Average Price",
      "name": "avg_price",
      "semantics": {
        "conceptType": "METRIC",
        "isReaggregatable": false,
        "semanticType": "CURRENCY_USD"
      }
    },
    {
      "dataType": "NUMBER",
      "label": "Average Quantity",
      "name": "avg_quantity",
      "semantics": {
        "conceptType": "METRIC",
        "isReaggregatable": false,
        "semanticType": "NUMBER"
      }
    },
    {
      "dataType": "NUMBER",
      "label": "Product Conversion Rate",
      "name": "conversion_rate",
      "semantics": {
        "conceptType": "METRIC",
        "isReaggregatable": false,
        "semanticType": "PERCENT"
      }
    }
  ]
}