{
  "filtersApplied": false,
  "rows": [
    {
      "values": [
        "3882",
        5000,
        10,
        9,
        500,
        1.1,
        0,
        0
      ]
    },
    {
      "values": [
        "3196",
        1000,
        2,
        2,
        500,
        1,
        0,
        0
      ]
    },
    {
      "values": [
        "3883",
        1000,
        2,
        2,
        500,
        1,
        0,
        0
      ]
    },
    {
      "values": [
        "3222",
        979,
        11,
        11,
        89,
        1,
        0,
        0
      ]
    },
    {
      "values": [
        "3197",
        500,
        1,
        1,
        500,
        1,
        0,
        0
      ]
    }
  ],
  "schema": [
    {
      "dataType": "STRING",
      "label": "Product SKU",
      "name": "label",
      "semantics": {
        "conceptType": "DIMENSION",
        "semanticType": "TEXT"
      }
    },
    {
      "dataType": "NUMBER",
      "label": "Product Revenue",
      "name": "revenue",
      "semantics": {
        "conceptType": "METRIC",
        "isReaggregatable": false,
        "semanticType": "CURRENCY_USD"
      }
    },
    {
      "dataType": "NUMBER",
      "label": "Quantity",
      "name": "quantity",
      "semantics": {
        "conceptType": "METRIC",
        "isReaggregatable": false,
        "semanticType": "NUMBER"
      }
    },
    {
      "dataType": "NUMBER",
      "label": "Unique Purchases",
      "name": "orders",
      "semantics": {
        "conceptType": "METRIC",
        "isReaggregatable": false,
        "semanticType": "NUMBER"
      }
    },
    {
      "dataType": "NUMBER",
      "label": "Visits",
      "name": "nb_visits",
      "semantics": {
        "conceptType": "METRIC",
        "isReaggregatable": false,
        "semanticType": "NUMBER"
      }
    },
    {
      "dataType": "NUMBER",
      "label": "Average Price",
      "name": "avg_price",
      "semantics": {
        "conceptType": "METRIC",
        "isReaggregatable": false,
        "semanticType": "CURRENCY_USD"
      }
    },
    {
      "dataType": "NUMBER",
      "label": "Average Quantity",
      "name": "avg_quantity",
      "semantics": {
        "conceptType": "METRIC",
        "isReaggregatable": false,
        "semanticType": "NUMBER"
      }
    },
    {
      "dataType": "NUMBER",
      "label": "Product Conversion Rate",
      "name": "conversion_rate",
      "semantics": {
        "conceptType": "METRIC",
        "isReaggregatable": false,
        "semanticType": "PERCENT"
      }
    }
  ]
}