{
  "filtersApplied": false,
  "rows": [
    {
      "values": [
        "type",
        "diving",
        716,
        0,
        870,
        0,
        1.2,
        27,
        0.88
      ]
    },
    {
      "values": [
        "page-author",
        "Julien",
        443,
        0,
        617,
        0,
        1.4,
        0,
        0
      ]
    },
    {
      "values": [
        "type",
        "page",
        435,
        0,
        597,
        0,
        1.4,
        44,
        0.77
      ]
    },
    {
      "values": [
        "page-author",
        "admindz",
        235,
        0,
        318,
        0,
        1.4,
        0,
        0
      ]
    },
    {
      "values": [
        "type",
        "liveaboard",
        183,
        0,
        255,
        1,
        1.4,
        32,
        0.74
      ]
    }
  ],
  "schema": [
    {
      "dataType": "STRING",
      "label": "Custom Variable name",
      "name": "CustomVariables_CustomVariableName",
      "semantics": {
        "conceptType": "DIMENSION",
        "semanticType": "TEXT"
      }
    },
    {
      "dataType": "STRING",
      "label": "Custom Variable value",
      "name": "CustomVariables_CustomVariableValue",
      "semantics": {
        "conceptType": "DIMENSION",
        "semanticType": "TEXT"
      }
    },
    {
      "dataType": "NUMBER",
      "label": "Visits",
      "name": "nb_visits",
      "semantics": {
        "conceptType": "METRIC",
        "isReaggregatable": false,
        "semanticType": "NUMBER"
      }
    },
    {
      "dataType": "NUMBER",
      "label": "Unique visitors",
      "name": "nb_uniq_visitors",
      "semantics": {
        "conceptType": "METRIC",
        "isReaggregatable": false,
        "semanticType": "NUMBER"
      }
    },
    {
      "dataType": "NUMBER",
      "label": "Actions",
      "name": "nb_actions",
      "semantics": {
        "conceptType": "METRIC",
        "isReaggregatable": false,
        "semanticType": "NUMBER"
      }
    },
    {
      "dataType": "NUMBER",
      "label": "Users",
      "name": "nb_users",
      "semantics": {
        "conceptType": "METRIC",
        "isReaggregatable": false,
        "semanticType": "NUMBER"
      }
    },
    {
      "dataType": "NUMBER",
      "label": "Actions per Visit",
      "name": "nb_actions_per_visit",
      "semantics": {
        "conceptType": "METRIC",
        "isReaggregatable": false,
        "semanticType": "NUMBER"
      }
    },
    {
      "dataType": "STRING",
      "label": "Avg. Time on Website",
      "name": "avg_time_on_site",
      "semantics": {
        "conceptType": "METRIC",
        "isReaggregatable": false,
        "semanticType": "DURATION"
      }
    },
    {
      "dataType": "NUMBER",
      "label": "Bounce Rate",
      "name": "bounce_rate",
      "semantics": {
        "conceptType": "METRIC",
        "isReaggregatable": false,
        "semanticType": "PERCENT"
      }
    }
  ]
}