{
  "filtersApplied": false,
  "rows": [
    {
      "values": {
        "avg_time_on_site_new": 76,
        "avg_time_on_site_returning": 151,
        "bounce_rate_new": 0.59,
        "bounce_rate_returning": 0.37,
        "max_actions_new": 42,
        "max_actions_returning": 22,
        "nb_actions_new": 7036,
        "nb_actions_per_visit_new": 2.5,
        "nb_actions_per_visit_returning": 3.7,
        "nb_actions_returning": 696,
        "nb_uniq_visitors_new": 0,
        "nb_uniq_visitors_returning": 0,
        "nb_users_new": 0,
        "nb_users_returning": 0,
        "nb_visits_new": 2790,
        "nb_visits_returning": 190
      }
    }
  ],
  "schema": [
    {
      "dataType": "NUMBER",
      "label": "Returning Visits",
      "name": "nb_visits_returning",
      "semantics": {
        "conceptType": "METRIC",
        "isReaggregatable": false,
        "semanticType": "NUMBER"
      }
    },
    {
      "dataType": "NUMBER",
      "label": "Actions by Returning Visits",
      "name": "nb_actions_returning",
      "semantics": {
        "conceptType": "METRIC",
        "isReaggregatable": false,
        "semanticType": "NUMBER"
      }
    },
    {
      "dataType": "NUMBER",
      "label": "Unique returning visitors",
      "name": "nb_uniq_visitors_returning",
      "semantics": {
        "conceptType": "METRIC",
        "isReaggregatable": false,
        "semanticType": "NUMBER"
      }
    },
    {
      "dataType": "NUMBER",
      "label": "Returning Users",
      "name": "nb_users_returning",
      "semantics": {
        "conceptType": "METRIC",
        "isReaggregatable": false,
        "semanticType": "NUMBER"
      }
    },
    {
      "dataType": "NUMBER",
      "label": "Maximum actions in one returning visit",
      "name": "max_actions_returning",
      "semantics": {
        "conceptType": "METRIC",
        "isReaggregatable": false,
        "semanticType": "NUMBER"
      }
    },
    {
      "dataType": "NUMBER",
      "label": "New Visits",
      "name": "nb_visits_new",
      "semantics": {
        "conceptType": "METRIC",
        "isReaggregatable": false,
        "semanticType": "NUMBER"
      }
    },
    {
      "dataType": "NUMBER",
      "label": "Actions by New Visits",
      "name": "nb_actions_new",
      "semantics": {
        "conceptType": "METRIC",
        "isReaggregatable": false,
        "semanticType": "NUMBER"
      }
    },
    {
      "dataType": "NUMBER",
      "label": "Unique new visitors",
      "name": "nb_uniq_visitors_new",
      "semantics": {
        "conceptType": "METRIC",
        "isReaggregatable": false,
        "semanticType": "NUMBER"
      }
    },
    {
      "dataType": "NUMBER",
      "label": "New Users",
      "name": "nb_users_new",
      "semantics": {
        "conceptType": "METRIC",
        "isReaggregatable": false,
        "semanticType": "NUMBER"
      }
    },
    {
      "dataType": "NUMBER",
      "label": "max_actions_new",
      "name": "max_actions_new",
      "semantics": {
        "conceptType": "METRIC",
        "isReaggregatable": false,
        "semanticType": "NUMBER"
      }
    },
    {
      "dataType": "STRING",
      "label": "Avg. Duration of a Returning Visit (in sec)",
      "name": "avg_time_on_site_returning",
      "semantics": {
        "conceptType": "METRIC",
        "isReaggregatable": false,
        "semanticType": "DURATION"
      }
    },
    {
      "dataType": "NUMBER",
      "label": "Avg. Actions per Returning Visit",
      "name": "nb_actions_per_visit_returning",
      "semantics": {
        "conceptType": "METRIC",
        "isReaggregatable": false,
        "semanticType": "NUMBER"
      }
    },
    {
      "dataType": "NUMBER",
      "label": "Bounce Rate for Returning Visits",
      "name": "bounce_rate_returning",
      "semantics": {
        "conceptType": "METRIC",
        "isReaggregatable": false,
        "semanticType": "PERCENT"
      }
    },
    {
      "dataType": "STRING",
      "label": "Avg. Duration of a New Visit (in sec)",
      "name": "avg_time_on_site_new",
      "semantics": {
        "conceptType": "METRIC",
        "isReaggregatable": false,
        "semanticType": "DURATION"
      }
    },
    {
      "dataType": "NUMBER",
      "label": "Avg. Actions per New Visit",
      "name": "nb_actions_per_visit_new",
      "semantics": {
        "conceptType": "METRIC",
        "isReaggregatable": false,
        "semanticType": "NUMBER"
      }
    },
    {
      "dataType": "NUMBER",
      "label": "Bounce Rate for New Visits",
      "name": "bounce_rate_new",
      "semantics": {
        "conceptType": "METRIC",
        "isReaggregatable": false,
        "semanticType": "PERCENT"
      }
    }
  ]
}