{
  "filtersApplied": false,
  "rows": [
    {
      "values": {
        "avg_time_on_site": 71,
        "bounce_rate": 0.56,
        "label": "00",
        "nb_actions": 107,
        "nb_actions_per_visit": 2.5,
        "nb_uniq_visitors": 43,
        "nb_users": 0,
        "nb_visits": 43,
        "revenue": 0
      }
    },
    {
      "values": {
        "avg_time_on_site": 53,
        "bounce_rate": 0.69,
        "label": "01",
        "nb_actions": 263,
        "nb_actions_per_visit": 1.9,
        "nb_uniq_visitors": 137,
        "nb_users": 0,
        "nb_visits": 137,
        "revenue": 77.9
      }
    },
    {
      "values": {
        "avg_time_on_site": 69,
        "bounce_rate": 0.63,
        "label": "02",
        "nb_actions": 279,
        "nb_actions_per_visit": 2.5,
        "nb_uniq_visitors": 111,
        "nb_users": 0,
        "nb_visits": 111,
        "revenue": 141.95
      }
    },
    {
      "values": {
        "avg_time_on_site": 91,
        "bounce_rate": 0.59,
        "label": "03",
        "nb_actions": 313,
        "nb_actions_per_visit": 2.4,
        "nb_uniq_visitors": 128,
        "nb_users": 0,
        "nb_visits": 128,
        "revenue": 94.9
      }
    },
    {
      "values": {
        "avg_time_on_site": 50,
        "bounce_rate": 0.62,
        "label": "04",
        "nb_actions": 271,
        "nb_actions_per_visit": 2,
        "nb_uniq_visitors": 133,
        "nb_users": 1,
        "nb_visits": 133,
        "revenue": 264.75
      }
    }
  ],
  "schema": [
    {
      "dataType": "STRING",
      "label": "Site time â€” hour (start of visit)",
      "name": "label",
      "semantics": {
        "conceptType": "DIMENSION",
        "semanticType": "TEXT"
      }
    },
    {
      "dataType": "NUMBER",
      "label": "Visits",
      "name": "nb_visits",
      "semantics": {
        "conceptType": "METRIC",
        "isReaggregatable": false,
        "semanticType": "NUMBER"
      }
    },
    {
      "dataType": "NUMBER",
      "label": "Unique visitors",
      "name": "nb_uniq_visitors",
      "semantics": {
        "conceptType": "METRIC",
        "isReaggregatable": false,
        "semanticType": "NUMBER"
      }
    },
    {
      "dataType": "NUMBER",
      "label": "Actions",
      "name": "nb_actions",
      "semantics": {
        "conceptType": "METRIC",
        "isReaggregatable": false,
        "semanticType": "NUMBER"
      }
    },
    {
      "dataType": "NUMBER",
      "label": "Users",
      "name": "nb_users",
      "semantics": {
        "conceptType": "METRIC",
        "isReaggregatable": false,
        "semanticType": "NUMBER"
      }
    },
    {
      "dataType": "NUMBER",
      "label": "Actions per Visit",
      "name": "nb_actions_per_visit",
      "semantics": {
        "conceptType": "METRIC",
        "isReaggregatable": false,
        "semanticType": "NUMBER"
      }
    },
    {
      "dataType": "STRING",
      "label": "Avg. Time on Website",
      "name": "avg_time_on_site",
      "semantics": {
        "conceptType": "METRIC",
        "isReaggregatable": false,
        "semanticType": "DURATION"
      }
    },
    {
      "dataType": "NUMBER",
      "label": "Bounce Rate",
      "name": "bounce_rate",
      "semantics": {
        "conceptType": "METRIC",
        "isReaggregatable": false,
        "semanticType": "PERCENT"
      }
    }
  ]
}