{
  "filtersApplied": false,
  "rows": [
    {
      "values": {
        "label": "1 visit",
        "nb_conversions": 253
      }
    },
    {
      "values": {
        "label": "2 visits",
        "nb_conversions": 30
      }
    },
    {
      "values": {
        "label": "3 visits",
        "nb_conversions": 9
      }
    },
    {
      "values": {
        "label": "4 visits",
        "nb_conversions": 1
      }
    },
    {
      "values": {
        "label": "5 visits",
        "nb_conversions": 0
      }
    }
  ],
  "schema": [
    {
      "dataType": "STRING",
      "label": "Visits to Conversion",
      "name": "label",
      "semantics": {
        "conceptType": "DIMENSION",
        "semanticType": "TEXT"
      }
    },
    {
      "dataType": "NUMBER",
      "label": "Conversions",
      "name": "nb_conversions",
      "semantics": {
        "conceptType": "METRIC",
        "isReaggregatable": false,
        "semanticType": "NUMBER"
      }
    }
  ]
}