{
  "filtersApplied": false,
  "rows": [
    {
      "values": [
        "/jobs",
        "129",
        "90",
        0.7,
        ""
      ]
    },
    {
      "values": [
        "/cart/",
        "86",
        "8",
        0.09,
        ""
      ]
    },
    {
      "values": [
        "/",
        73,
        37,
        0.51,
        ""
      ]
    },
    {
      "values": [
        "/checkout/",
        "37",
        "29",
        0.78,
        ""
      ]
    },
    {
      "values": [
        "/diving/bali",
        "72",
        "64",
        0.89,
        ""
      ]
    }
  ],
  "schema": [
    {
      "dataType": "STRING",
      "label": "Entry Page URL",
      "name": "label",
      "semantics": {
        "conceptType": "DIMENSION",
        "semanticType": "TEXT"
      }
    },
    {
      "dataType": "NUMBER",
      "label": "Entrances",
      "name": "entry_nb_visits",
      "semantics": {
        "conceptType": "METRIC",
        "isReaggregatable": false,
        "semanticType": "NUMBER"
      }
    },
    {
      "dataType": "NUMBER",
      "label": "Bounces",
      "name": "entry_bounce_count",
      "semantics": {
        "conceptType": "METRIC",
        "isReaggregatable": false,
        "semanticType": "NUMBER"
      }
    },
    {
      "dataType": "NUMBER",
      "label": "Bounce Rate",
      "name": "bounce_rate",
      "semantics": {
        "conceptType": "METRIC",
        "isReaggregatable": false,
        "semanticType": "PERCENT"
      }
    },
    {
      "dataType": "STRING",
      "label": "Avg. generation time",
      "name": "avg_time_generation",
      "semantics": {
        "conceptType": "METRIC",
        "isReaggregatable": false,
        "semanticType": "DURATION"
      }
    }
  ]
}