{
  "filtersApplied": false,
  "rows": [
    {
      "values": [
        "added - Diving Tank",
        "Cart change",
        "40",
        "42",
        "1",
        "2",
        "40",
        "1.05"
      ]
    },
    {
      "values": [
        "added - Basic Wetsuit",
        "Cart change",
        "38",
        "41",
        "1",
        "2",
        "38",
        "1.08"
      ]
    },
    {
      "values": [
        "added - Scuba Fins",
        "Cart change",
        "34",
        "35",
        "1",
        "2",
        "34",
        "1.03"
      ]
    },
    {
      "values": [
        "added - Distance Line & Reel",
        "Cart change",
        "22",
        "30",
        "1",
        "3",
        "22",
        "1.36"
      ]
    },
    {
      "values": [
        "added - Silicone Grease",
        "Cart change",
        "17",
        "18",
        "1",
        "2",
        "17",
        "1.06"
      ]
    }
  ],
  "schema": [
    {
      "dataType": "STRING",
      "label": "Event Name",
      "name": "Events_EventName",
      "semantics": {
        "conceptType": "DIMENSION",
        "semanticType": "TEXT"
      }
    },
    {
      "dataType": "STRING",
      "label": "Event Action",
      "name": "Events_EventAction",
      "semantics": {
        "conceptType": "DIMENSION",
        "semanticType": "TEXT"
      }
    },
    {
      "dataType": "NUMBER",
      "label": "Events",
      "name": "nb_events",
      "semantics": {
        "conceptType": "METRIC",
        "isReaggregatable": false,
        "semanticType": "NUMBER"
      }
    },
    {
      "dataType": "NUMBER",
      "label": "Event value",
      "name": "sum_event_value",
      "semantics": {
        "conceptType": "METRIC",
        "isReaggregatable": false,
        "semanticType": "NUMBER"
      }
    },
    {
      "dataType": "NUMBER",
      "label": "Minimum Event value",
      "name": "min_event_value",
      "semantics": {
        "conceptType": "METRIC",
        "isReaggregatable": false,
        "semanticType": "NUMBER"
      }
    },
    {
      "dataType": "NUMBER",
      "label": "Maximum Event value",
      "name": "max_event_value",
      "semantics": {
        "conceptType": "METRIC",
        "isReaggregatable": false,
        "semanticType": "NUMBER"
      }
    },
    {
      "dataType": "NUMBER",
      "label": "Events with a value",
      "name": "nb_events_with_value",
      "semantics": {
        "conceptType": "METRIC",
        "isReaggregatable": false,
        "semanticType": "NUMBER"
      }
    },
    {
      "dataType": "NUMBER",
      "label": "The average of all values for this event",
      "name": "avg_event_value",
      "semantics": {
        "conceptType": "METRIC",
        "isReaggregatable": false,
        "semanticType": "NUMBER"
      }
    }
  ]
}