{
  "filtersApplied": false,
  "rows": [
    {
      "values": {
        "avg_time_on_site": 43,
        "bounce_rate": 0.73,
        "conversion_rate": 0.0584,
        "label": "Mobile Safari 11.0",
        "nb_actions": 784,
        "nb_actions_per_visit": 1.7,
        "nb_uniq_visitors": 457,
        "nb_users": 0,
        "nb_visits": 462
      }
    },
    {
      "values": {
        "avg_time_on_site": 50,
        "bounce_rate": 0.65,
        "conversion_rate": 0.0431,
        "label": "Chrome 64.0",
        "nb_actions": 426,
        "nb_actions_per_visit": 1.8,
        "nb_uniq_visitors": 228,
        "nb_users": 0,
        "nb_visits": 232
      }
    },
    {
      "values": {
        "avg_time_on_site": 61,
        "bounce_rate": 0.65,
        "conversion_rate": 0.08,
        "label": "Chrome 66.0",
        "nb_actions": 415,
        "nb_actions_per_visit": 2.1,
        "nb_uniq_visitors": 190,
        "nb_users": 2,
        "nb_visits": 200
      }
    },
    {
      "values": {
        "avg_time_on_site": 33,
        "bounce_rate": 0.74,
        "conversion_rate": 0.0775,
        "label": "Chrome Mobile 64.0",
        "nb_actions": 214,
        "nb_actions_per_visit": 1.7,
        "nb_uniq_visitors": 125,
        "nb_users": 0,
        "nb_visits": 129
      }
    },
    {
      "values": {
        "avg_time_on_site": 62,
        "bounce_rate": 0.57,
        "conversion_rate": 0.0738,
        "label": "Chrome 63.0",
        "nb_actions": 297,
        "nb_actions_per_visit": 2.4,
        "nb_uniq_visitors": 117,
        "nb_users": 0,
        "nb_visits": 122
      }
    }
  ],
  "schema": [
    {
      "dataType": "STRING",
      "label": "Browser version",
      "name": "label",
      "semantics": {
        "conceptType": "DIMENSION",
        "semanticType": "TEXT"
      }
    },
    {
      "dataType": "NUMBER",
      "label": "Visits",
      "name": "nb_visits",
      "semantics": {
        "conceptType": "METRIC",
        "isReaggregatable": false,
        "semanticType": "NUMBER"
      }
    },
    {
      "dataType": "NUMBER",
      "label": "Unique visitors",
      "name": "nb_uniq_visitors",
      "semantics": {
        "conceptType": "METRIC",
        "isReaggregatable": false,
        "semanticType": "NUMBER"
      }
    },
    {
      "dataType": "NUMBER",
      "label": "Actions",
      "name": "nb_actions",
      "semantics": {
        "conceptType": "METRIC",
        "isReaggregatable": false,
        "semanticType": "NUMBER"
      }
    },
    {
      "dataType": "NUMBER",
      "label": "Users",
      "name": "nb_users",
      "semantics": {
        "conceptType": "METRIC",
        "isReaggregatable": false,
        "semanticType": "NUMBER"
      }
    },
    {
      "dataType": "NUMBER",
      "label": "Actions per Visit",
      "name": "nb_actions_per_visit",
      "semantics": {
        "conceptType": "METRIC",
        "isReaggregatable": false,
        "semanticType": "NUMBER"
      }
    },
    {
      "dataType": "STRING",
      "label": "Avg. Time on Website",
      "name": "avg_time_on_site",
      "semantics": {
        "conceptType": "METRIC",
        "isReaggregatable": false,
        "semanticType": "DURATION"
      }
    },
    {
      "dataType": "NUMBER",
      "label": "Bounce Rate",
      "name": "bounce_rate",
      "semantics": {
        "conceptType": "METRIC",
        "isReaggregatable": false,
        "semanticType": "PERCENT"
      }
    },
    {
      "dataType": "NUMBER",
      "label": "Conversion Rate",
      "name": "conversion_rate",
      "semantics": {
        "conceptType": "METRIC",
        "isReaggregatable": false,
        "semanticType": "PERCENT"
      }
    }
  ]
}