{
  "schema": [
    {
      "dataType": "STRING",
      "label": "Region",
      "name": "label",
      "semantics": {
        "conceptType": "DIMENSION",
        "semanticType": "TEXT"
      }
    },
    {
      "dataType": "NUMBER",
      "label": "Visits",
      "name": "nb_visits",
      "semantics": {
        "conceptType": "METRIC",
        "isReaggregatable": false,
        "semanticType": "NUMBER"
      }
    },
    {
      "dataType": "NUMBER",
      "label": "Unique visitors",
      "name": "nb_uniq_visitors",
      "semantics": {
        "conceptType": "METRIC",
        "isReaggregatable": false,
        "semanticType": "NUMBER"
      }
    },
    {
      "dataType": "NUMBER",
      "label": "Actions",
      "name": "nb_actions",
      "semantics": {
        "conceptType": "METRIC",
        "isReaggregatable": false,
        "semanticType": "NUMBER"
      }
    },
    {
      "dataType": "NUMBER",
      "label": "Actions per Visit",
      "name": "nb_actions_per_visit",
      "semantics": {
        "conceptType": "METRIC",
        "isReaggregatable": false,
        "semanticType": "NUMBER"
      }
    },
    {
      "dataType": "STRING",
      "label": "Avg. Time on Website",
      "name": "avg_time_on_site",
      "semantics": {
        "conceptType": "METRIC",
        "isReaggregatable": false,
        "semanticType": "DURATION"
      }
    },
    {
      "dataType": "NUMBER",
      "label": "Bounce Rate",
      "name": "bounce_rate",
      "semantics": {
        "conceptType": "METRIC",
        "isReaggregatable": false,
        "semanticType": "PERCENT"
      }
    },
    {
      "dataType": "STRING",
      "label": "\"New Job Application\" Conversions",
      "name": "goal_4_nb_conversions",
      "semantics": {
        "conceptType": "METRIC",
        "isReaggregatable": false,
        "semanticType": "TEXT"
      }
    },
    {
      "dataType": "STRING",
      "label": "\"New Job Application\" Revenue",
      "name": "goal_4_revenue",
      "semantics": {
        "conceptType": "METRIC",
        "isReaggregatable": false,
        "semanticType": "TEXT"
      }
    },
    {
      "dataType": "STRING",
      "label": "\"View Submit Job\" Conversions",
      "name": "goal_5_nb_conversions",
      "semantics": {
        "conceptType": "METRIC",
        "isReaggregatable": false,
        "semanticType": "TEXT"
      }
    },
    {
      "dataType": "STRING",
      "label": "\"View Submit Job\" Revenue",
      "name": "goal_5_revenue",
      "semantics": {
        "conceptType": "METRIC",
        "isReaggregatable": false,
        "semanticType": "TEXT"
      }
    },
    {
      "dataType": "STRING",
      "label": "\"New Resume\" Conversions",
      "name": "goal_6_nb_conversions",
      "semantics": {
        "conceptType": "METRIC",
        "isReaggregatable": false,
        "semanticType": "TEXT"
      }
    },
    {
      "dataType": "STRING",
      "label": "\"New Resume\" Revenue",
      "name": "goal_6_revenue",
      "semantics": {
        "conceptType": "METRIC",
        "isReaggregatable": false,
        "semanticType": "TEXT"
      }
    },
    {
      "dataType": "STRING",
      "label": "\"Liveaboard.com click\" Conversions",
      "name": "goal_7_nb_conversions",
      "semantics": {
        "conceptType": "METRIC",
        "isReaggregatable": false,
        "semanticType": "TEXT"
      }
    },
    {
      "dataType": "STRING",
      "label": "\"Liveaboard.com click\" Revenue",
      "name": "goal_7_revenue",
      "semantics": {
        "conceptType": "METRIC",
        "isReaggregatable": false,
        "semanticType": "TEXT"
      }
    },
    {
      "dataType": "STRING",
      "label": "\"Agoda click\" Conversions",
      "name": "goal_8_nb_conversions",
      "semantics": {
        "conceptType": "METRIC",
        "isReaggregatable": false,
        "semanticType": "TEXT"
      }
    },
    {
      "dataType": "STRING",
      "label": "\"Agoda click\" Revenue",
      "name": "goal_8_revenue",
      "semantics": {
        "conceptType": "METRIC",
        "isReaggregatable": false,
        "semanticType": "TEXT"
      }
    },
    {
      "dataType": "STRING",
      "label": "\"User Comments\" Conversions",
      "name": "goal_9_nb_conversions",
      "semantics": {
        "conceptType": "METRIC",
        "isReaggregatable": false,
        "semanticType": "TEXT"
      }
    },
    {
      "dataType": "STRING",
      "label": "\"User Comments\" Revenue",
      "name": "goal_9_revenue",
      "semantics": {
        "conceptType": "METRIC",
        "isReaggregatable": false,
        "semanticType": "TEXT"
      }
    },
    {
      "dataType": "STRING",
      "label": "\"Newsletter Signup\" Conversions",
      "name": "goal_10_nb_conversions",
      "semantics": {
        "conceptType": "METRIC",
        "isReaggregatable": false,
        "semanticType": "TEXT"
      }
    },
    {
      "dataType": "STRING",
      "label": "\"Newsletter Signup\" Revenue",
      "name": "goal_10_revenue",
      "semantics": {
        "conceptType": "METRIC",
        "isReaggregatable": false,
        "semanticType": "TEXT"
      }
    },
    {
      "dataType": "STRING",
      "label": "\"New Job Application\" Revenue per Visit",
      "name": "goal_4_revenue_per_visit",
      "semantics": {
        "conceptType": "METRIC",
        "isReaggregatable": false,
        "semanticType": "TEXT"
      }
    },
    {
      "dataType": "STRING",
      "label": "\"View Submit Job\" Revenue per Visit",
      "name": "goal_5_revenue_per_visit",
      "semantics": {
        "conceptType": "METRIC",
        "isReaggregatable": false,
        "semanticType": "TEXT"
      }
    },
    {
      "dataType": "STRING",
      "label": "\"New Resume\" Revenue per Visit",
      "name": "goal_6_revenue_per_visit",
      "semantics": {
        "conceptType": "METRIC",
        "isReaggregatable": false,
        "semanticType": "TEXT"
      }
    },
    {
      "dataType": "STRING",
      "label": "\"Liveaboard.com click\" Revenue per Visit",
      "name": "goal_7_revenue_per_visit",
      "semantics": {
        "conceptType": "METRIC",
        "isReaggregatable": false,
        "semanticType": "TEXT"
      }
    },
    {
      "dataType": "STRING",
      "label": "\"Agoda click\" Revenue per Visit",
      "name": "goal_8_revenue_per_visit",
      "semantics": {
        "conceptType": "METRIC",
        "isReaggregatable": false,
        "semanticType": "TEXT"
      }
    },
    {
      "dataType": "STRING",
      "label": "\"User Comments\" Revenue per Visit",
      "name": "goal_9_revenue_per_visit",
      "semantics": {
        "conceptType": "METRIC",
        "isReaggregatable": false,
        "semanticType": "TEXT"
      }
    },
    {
      "dataType": "STRING",
      "label": "\"Newsletter Signup\" Revenue per Visit",
      "name": "goal_10_revenue_per_visit",
      "semantics": {
        "conceptType": "METRIC",
        "isReaggregatable": false,
        "semanticType": "TEXT"
      }
    },
    {
      "dataType": "STRING",
      "label": "Date",
      "name": "date",
      "semantics": {
        "conceptType": "DIMENSION",
        "semanticType": "YEAR_MONTH_DAY"
      }
    }
  ]
}